// Jest Snapshot v1, https://goo.gl/fbAQLP

exports[`CodeWindow CodeWindow Case #1 1`] = `ShallowWrapper {}`;

exports[`CodeWindow CodeWindow Case #2 1`] = `ShallowWrapper {}`;

exports[`CodeWindow CodeWindow Case #3 1`] = `ShallowWrapper {}`;

exports[`CodeWindow CodeWindow Case #4 1`] = `ShallowWrapper {}`;

exports[`CodeWindow CodeWindow Case #5 1`] = `ShallowWrapper {}`;

exports[`CodeWindow CodeWindow Case #6 1`] = `ShallowWrapper {}`;

exports[`CodeWindow CodeWindow Case #7 1`] = `ShallowWrapper {}`;

exports[`CodeWindow CodeWindow Case #8 1`] = `ShallowWrapper {}`;

exports[`CodeWindow CodeWindow Case #9 1`] = `ShallowWrapper {}`;
